M 46 0
oDir 7 1
P 7 0.10000000149
